[36mtest_file_210218_3.c[0m - [32mIsPreprocessorStatement[0m In "GlobalScope" from "None" line 1":
		<DEFINE=#define LENGTH 8> <NEWLINE>
[36mtest_file_210218_3.c[0m - [32mIsUserDefinedType[0m In "GlobalScope" from "None" line 2":
		<TYPEDEF> <SPACE> <CHAR> <TAB> <IDENTIFIER=t_word> <LBRACKET> <CONSTANT=8> <RBRACKET> <SEMI_COLON> <NEWLINE>
[36mtest_file_210218_3.c[0m - [32mIsUserDefinedType[0m In "GlobalScope" from "None" line 3":
		<TYPEDEF> <SPACE> <CHAR> <TAB> <IDENTIFIER=t_word> <LBRACKET> <IDENTIFIER=LENGTH> <RBRACKET> <SEMI_COLON> <NEWLINE>
test_file_210218_3.c: OK!
